node:internal/modules/package_json_reader:301
  throw new ERR_MODULE_NOT_FOUND(packageName, fileURLToPath(base), null);
        ^

Error [ERR_MODULE_NOT_FOUND]: Cannot find package 'express' imported from C:\Users\Admin\Documents\PROJECT\PROJECT TERINTEGRASI\SIM-MENDUNIA\wa-gateway\src\server.js
    at Object.getPackageJSONURL (node:internal/modules/package_json_reader:301:9)
    at packageResolve (node:internal/modules/esm/resolve:768:81)
    at moduleResolve (node:internal/modules/esm/resolve:859:18)
    at defaultResolve (node:internal/modules/esm/resolve:991:11)
    at #cachedDefaultResolve (node:internal/modules/esm/loader:719:20)
    at #resolveAndMaybeBlockOnLoaderThread (node:internal/modules/esm/loader:736:38)
    at ModuleLoader.resolveSync (node:internal/modules/esm/loader:765:52)
    at #resolve (node:internal/modules/esm/loader:701:17)
    at ModuleLoader.getOrCreateModuleJob (node:internal/modules/esm/loader:621:35)
    at ModuleJob.syncLink (node:internal/modules/esm/module_job:160:33) {
  code: 'ERR_MODULE_NOT_FOUND'
}

Node.js v24.14.0
node:events:486
      throw er; // Unhandled 'error' event
     [device test-sambungkan] Terputus: unknown(undefined)
[device test-sambungkan] Terputus: loggedOut (401) - Intentional Logout
[device test-sambungkan] Terputus: connectionLost / timedOut (408) - QR refs attempts ended
t app.listen (C:\Users\Admin\Documents\PROJECT\PROJECT TERINTEGRASI\SIM-MENDUNIA\wa-gateway\node_modules\express\lib\application.js:635:24)
    at file:///C:/Users/Admin/Documents/PROJECT/PROJECT%20TERINTEGRASI/SIM-MENDUNIA/wa-gateway/src/server.js:135:5
    at ModuleJob.run (node:internal/modules/esm/module_job:430:25)
    at async onImport.tracePromise.__proto__ (node:internal/modules/esm/loader:661:26)
    at async asyncRunEntryPointWithESMLoader (node:internal/modules/run_main:101:5)
Emitted 'error' event on Server instance at:
    at emitErrorNT (node:net:1984:8)
    at process.processTicksAndRejections (node:internal/process/task_queues:90:21) {
  code: 'EADDRINUSE',
  errno: -4091,
  syscall: 'listen',
  address: '::',
  port: 4300
}

Node.js v24.14.0
